// Jest Snapshot v1, https://goo.gl/fbAQLP

exports[`createPost should add more indents to nested lists - 2 spaces 1`] = `"{\\"@context\\":\\"http://schema.org/extensions\\",\\"@type\\":\\"MessageCard\\",\\"text\\":\\"# My Notes//n- PR [some link](google.com)//n  - Another note\\",\\"potentialAction\\":[{\\"@type\\":\\"OpenUri\\",\\"name\\":\\"Learn More\\",\\"targets\\":[{\\"os\\":\\"default\\",\\"uri\\":\\"*<https://git.hub/some/project/releases/v1.0.0|v1.0.0>*\\"}]}]}"`;

exports[`createPost should add more indents to nested lists 1`] = `"{\\"@context\\":\\"http://schema.org/extensions\\",\\"@type\\":\\"MessageCard\\",\\"text\\":\\"# My Notes//n- PR [some link](google.com)//n - Another note\\",\\"potentialAction\\":[{\\"@type\\":\\"OpenUri\\",\\"name\\":\\"Learn More\\",\\"targets\\":[{\\"os\\":\\"default\\",\\"uri\\":\\"*<https://git.hub/some/project/releases/v1.0.0|v1.0.0>*\\"}]}]}"`;

exports[`createPost should add title 1`] = `"{\\"@context\\":\\"http://schema.org/extensions\\",\\"@type\\":\\"MessageCard\\",\\"text\\":\\"# My Notes//n- PR [some link](google.com)\\",\\"potentialAction\\":[{\\"@type\\":\\"OpenUri\\",\\"name\\":\\"Learn More\\",\\"targets\\":[{\\"os\\":\\"default\\",\\"uri\\":\\"*<https://git.hub/some/project/releases/v1.0.0|v1.0.0>*\\"}]}]}"`;

exports[`createPost should call slack api 1`] = `"{\\"@context\\":\\"http://schema.org/extensions\\",\\"@type\\":\\"MessageCard\\",\\"text\\":\\"# My Notes//n- PR [some link](google.com)\\",\\"potentialAction\\":[{\\"@type\\":\\"OpenUri\\",\\"name\\":\\"Learn More\\",\\"targets\\":[{\\"os\\":\\"default\\",\\"uri\\":\\"*<https://git.hub/some/project/releases/v1.0.0|v1.0.0>*\\"}]}]}"`;

exports[`createPost should call slack api in env var 1`] = `"{\\"@context\\":\\"http://schema.org/extensions\\",\\"@type\\":\\"MessageCard\\",\\"text\\":\\"# My Notes//n- PR [some link](google.com)\\",\\"potentialAction\\":[{\\"@type\\":\\"OpenUri\\",\\"name\\":\\"Learn More\\",\\"targets\\":[{\\"os\\":\\"default\\",\\"uri\\":\\"*<https://git.hub/some/project/releases/v1.0.0|v1.0.0>*\\"}]}]}"`;

exports[`createPost should call slack api through http proxy 1`] = `"{\\"@context\\":\\"http://schema.org/extensions\\",\\"@type\\":\\"MessageCard\\",\\"text\\":\\"# My Notes//n- PR [some link](google.com)\\",\\"potentialAction\\":[{\\"@type\\":\\"OpenUri\\",\\"name\\":\\"Learn More\\",\\"targets\\":[{\\"os\\":\\"default\\",\\"uri\\":\\"*<https://git.hub/some/project/releases/v1.0.0|v1.0.0>*\\"}]}]}"`;

exports[`createPost should call slack api through https proxy 1`] = `"{\\"@context\\":\\"http://schema.org/extensions\\",\\"@type\\":\\"MessageCard\\",\\"text\\":\\"# My Notes//n- PR [some link](google.com)\\",\\"potentialAction\\":[{\\"@type\\":\\"OpenUri\\",\\"name\\":\\"Learn More\\",\\"targets\\":[{\\"os\\":\\"default\\",\\"uri\\":\\"*<https://git.hub/some/project/releases/v1.0.0|v1.0.0>*\\"}]}]}"`;

exports[`createPost should call slack api with minimal config 1`] = `"{\\"@context\\":\\"http://schema.org/extensions\\",\\"@type\\":\\"MessageCard\\",\\"text\\":\\"# My Notes//n- PR [some link](google.com)\\",\\"potentialAction\\":[{\\"@type\\":\\"OpenUri\\",\\"name\\":\\"Learn More\\",\\"targets\\":[{\\"os\\":\\"default\\",\\"uri\\":\\"*<https://git.hub/some/project/releases/v1.0.0|v1.0.0>*\\"}]}]}"`;

exports[`createPost should remove markdown code types from block 1`] = `"{\\"@context\\":\\"http://schema.org/extensions\\",\\"@type\\":\\"MessageCard\\",\\"text\\":\\"# My Notes//n\`\`\`json//n{ /\\"foo/\\": /\\"bar/\\" }\`\`\`//n- PR [some link](google.com)\\",\\"potentialAction\\":[{\\"@type\\":\\"OpenUri\\",\\"name\\":\\"Learn More\\",\\"targets\\":[{\\"os\\":\\"default\\",\\"uri\\":\\"*<https://git.hub/some/project/releases/v1.0.0|v1.0.0>*\\"}]}]}"`;
