// Jest Snapshot v1, https://goo.gl/fbAQLP

exports[`canary dont force publish canaries 1`] = `
Object {
  "details": ":sparkles: Test out this PR locally via:

\`\`\`sh
npm install @foobar/lib@1.1.0.canary
# or 
yarn add @foobar/lib@1.1.0.canary
\`\`\`",
  "newVersion": "Canary Versions",
}
`;
