// Jest Snapshot v1, https://goo.gl/fbAQLP

exports[`AutoRelease createLabels should create the labels 1`] = `
[MockFunction] {
  "calls": Array [
    Array [
      Map {
        "major" => "major",
        "minor" => "minor",
        "patch" => "patch",
        "skip-release" => "skip-release",
        "release" => "release",
        "prerelease" => "prerelease",
        "internal" => "internal",
        "documentation" => "documentation",
      },
    ],
  ],
  "results": Array [
    Object {
      "isThrow": false,
      "value": undefined,
    },
  ],
}
`;

exports[`AutoRelease should extend config 1`] = `
Object {
  "command": "init",
  "extends": "@artsy",
  "onlyPublishWithReleaseLabel": true,
  "owner": "foo",
  "repo": "bar",
  "skipReleaseLabels": Array [
    "skip-release",
  ],
  "token": "XXXX",
  "versionLabels": Map {
    "major" => "major",
    "minor" => "minor",
    "patch" => "patch",
    "skip-release" => "skip-release",
    "release" => "release",
    "prerelease" => "prerelease",
  },
}
`;
