// Jest Snapshot v1, https://goo.gl/fbAQLP

exports[`postToSlack should call slack api 1`] = `"{\\"text\\":\\"@channel: New release *1.0.0*\\\\nhttps://github.custom.com/Adam Dierkens/test/releases/tag/1.0.0\\\\n\\\\n\`\`\`# My Notes\\\\n- PR some link\`\`\`\\",\\"link_names\\":1}"`;
