// Jest Snapshot v1, https://goo.gl/fbAQLP

exports[`bundle should function 1`] = `
"
create-labels

  Create your project's labels on github. If labels exist it will update them. 

Options

  -d, --dry-run    Report what command will do but do not actually do anything 

Global Options

  -V, --version         Display auto's version                                  
  -v, --verbose         Show some more logs. Pass -vv for very verbose logs.    
  --repo string         The repo to set the status on. Defaults to looking in   
                        the package definition for the platform                 
  --owner string        The owner of the GitHub repo. Defaults to reading from  
                        the package definition for the platform                 
  --github-api string   GitHub API to use                                       
  --plugins string[]    Plugins to load auto with. (defaults to just npm)       
  -h, --help            Display the help output                                 

Examples

  $ auto create-labels 

"
`;
